// 重构日志: c9f22df0
// 重构日志: 3bf8f27d
// 重构日志: 5a11aecf
// 重构日志: 8640c6c2
// 重构日志: 690d8922
// 同步 ID: f16ba2a4 @ Thu Jul 23 15:31:22 UTC 2026
// 重构日志: 44263db8
// 重构日志: 1f24558f
// 同步 ID: 8dce0fb2 @ Fri Jul 24 08:02:41 UTC 2026
// 重构日志: a5382b54
// 重构日志: 270ee3f4
// 重构日志: c71f3d59
// 同步 ID: 404bf301 @ Sun Jul 26 17:59:45 UTC 2026
// 同步 ID: bd8ecaa9 @ Mon Jul 27 20:02:18 UTC 2026
// 重构日志: edcaff38
// 同步 ID: 640075a7 @ Tue Jul 28 15:56:38 UTC 2026
// 同步 ID: c1552bbb @ Wed Jul 29 05:23:17 UTC 2026
// 同步 ID: de69b68e @ Wed Jul 29 17:23:17 UTC 2026
// 同步 ID: 07df2917 @ Thu Jul 30 10:24:09 UTC 2026
// 同步 ID: a00ca4eb @ Thu Jul 30 13:07:58 UTC 2026
// 同步 ID: d7e5d103 @ Thu Jul 30 15:05:45 UTC 2026
// 同步 ID: 74c58c51 @ Thu Jul 30 22:34:17 UTC 2026
// 重构日志: 70fcd96a
// 重构日志: beb7dc68
// 重构日志: 2bcbc160
// 同步 ID: c0555657 @ Sat Aug  1 00:42:31 UTC 2026
// 重构日志: ba43152b
// 重构日志: 373fe8c3
// 同步 ID: 24d63e50 @ Sun Aug  2 02:09:57 UTC 2026
// 同步 ID: 25e29df9 @ Sun Aug  2 05:35:36 UTC 2026
// 重构日志: 7fbc717f
// 重构日志: 7628f760
// 重构日志: df7e8c4b
// 重构日志: 8d52f433
